[0721/110732.174:ERROR:third_party\crashpad\crashpad\util\win\registration_protocol_win.cc:108] CreateFile: The system cannot find the file specified. (0x2)
[0721/110732.396:ERROR:electron\shell\common\node_util.cc:166] Failed to initialize Node.js. {
   "args": [ "C:\\Program Files\\Microsoft VS Code\\Code.exe", "c:\\Users\\Joseph Adeyemo\\.vscode\\extensions\\redhat.vscode-yaml-1.24.0\\dist\\languageserver.js", "--node-ipc", "--clientProcessId=4024" ],
   "location": ", at node:internal/buffer:1104",
   "message": "Uncaught RangeError: Failed to allocate memory",
   "source_line": "  return new FastBuffer(createUnsafeArrayBuffer(size));"
}

[0721/110738.272:ERROR:third_party\crashpad\crashpad\util\win\registration_protocol_win.cc:108] CreateFile: The system cannot find the file specified. (0x2)
[0721/110741.910:ERROR:third_party\crashpad\crashpad\util\win\registration_protocol_win.cc:108] CreateFile: The system cannot find the file specified. (0x2)
[0721/110748.759:ERROR:third_party\crashpad\crashpad\util\win\registration_protocol_win.cc:108] CreateFile: The system cannot find the file specified. (0x2)
[0728/144444.524:ERROR:third_party\crashpad\crashpad\util\win\registration_protocol_win.cc:108] CreateFile: The system cannot find the file specified. (0x2)
[0728/144524.322:ERROR:third_party\crashpad\crashpad\util\win\registration_protocol_win.cc:108] CreateFile: The system cannot find the file specified. (0x2)
[0728/161153.377:ERROR:third_party\crashpad\crashpad\util\win\registration_protocol_win.cc:108] CreateFile: The system cannot find the file specified. (0x2)
[0729/013233.408:ERROR:third_party\crashpad\crashpad\util\win\registration_protocol_win.cc:108] CreateFile: The system cannot find the file specified. (0x2)
[0729/013243.734:ERROR:third_party\crashpad\crashpad\util\win\registration_protocol_win.cc:108] CreateFile: The system cannot find the file specified. (0x2)
[0930/152842.238:ERROR:third_party\crashpad\crashpad\util\win\registration_protocol_win.cc:108] CreateFile: The system cannot find the file specified. (0x2)
[0930/152847.052:ERROR:third_party\crashpad\crashpad\util\win\registration_protocol_win.cc:108] CreateFile: The system cannot find the file specified. (0x2)
[0930/152920.282:ERROR:third_party\crashpad\crashpad\util\win\registration_protocol_win.cc:108] CreateFile: The system cannot find the file specified. (0x2)
[0930/184619.722:ERROR:third_party\crashpad\crashpad\util\win\registration_protocol_win.cc:108] CreateFile: The system cannot find the file specified. (0x2)
[0930/184623.325:ERROR:third_party\crashpad\crashpad\util\win\registration_protocol_win.cc:108] CreateFile: The system cannot find the file specified. (0x2)
[1002/010357.612:ERROR:third_party\crashpad\crashpad\util\win\registration_protocol_win.cc:108] CreateFile: The system cannot find the file specified. (0x2)
[1002/010401.872:ERROR:third_party\crashpad\crashpad\util\win\registration_protocol_win.cc:108] CreateFile: The system cannot find the file specified. (0x2)
